198.20.70.114 - - [08/Feb/2016:15:38:15 +0300] "GET /robots.txt HTTP/1.1" 200 23 "-" "-"
198.20.70.114 - - [08/Feb/2016:15:38:15 +0300] "GET /sitemap.xml HTTP/1.1" 404 168 "-" "-"
91.121.101.78 - - [08/Feb/2016:18:46:23 +0300] "GET /robots.txt HTTP/1.0" 200 23 "-" "Mozilla/5.0 (compatible; MJ12bot/v1.4.5; http://www.majestic12.co.uk/bot.php?+)"
91.121.101.78 - - [08/Feb/2016:18:46:25 +0300] "GET / HTTP/1.0" 200 18664 "-" "Mozilla/5.0 (compatible; MJ12bot/v1.4.5; http://www.majestic12.co.uk/bot.php?+)"
66.249.64.234 - - [08/Feb/2016:19:32:09 +0300] "GET / HTTP/1.1" 200 6466 "-" "Mozilla/5.0 (compatible; Googlebot/2.1; +http://www.google.com/bot.html)"
130.193.51.67 - - [09/Feb/2016:00:13:48 +0300] "GET /robots.txt HTTP/1.1" 200 23 "-" "Mozilla/5.0 (compatible; YandexBot/3.0; +http://yandex.com/bots)"
130.193.51.67 - - [09/Feb/2016:00:13:52 +0300] "GET /favicon.ico HTTP/1.1" 200 318 "-" "Mozilla/5.0 (compatible; YandexBot/3.0; +http://yandex.com/bots)"
90.156.218.30 - - [09/Feb/2016:01:19:40 +0300] "GET / HTTP/1.0" 200 18664 "-" "-"
188.68.224.62 - - [09/Feb/2016:02:21:55 +0300] "GET http://dhg.pisz.pl/httptest.php HTTP/1.1" 404 142 "-" "-"
46.229.164.100 - - [09/Feb/2016:02:27:11 +0300] "GET /robots.txt HTTP/1.1" 200 23 "-" "Mozilla/5.0 (compatible; SemrushBot/1~bl; +http://www.semrush.com/bot.html)"
188.68.224.62 - - [09/Feb/2016:06:55:45 +0300] "GET http://dhg.pisz.pl/httptest.php HTTP/1.1" 404 142 "-" "-"
104.148.44.116 - - [09/Feb/2016:07:06:12 +0300] "GET http://azenv.net/ HTTP/1.1" 200 18664 "-" "Mozilla/5.0 (compatible; MSIE 6.0; Windows NT 5.1; Trident/5.0)"
104.148.44.116 - - [09/Feb/2016:07:06:13 +0300] "CONNECT www.baidu.com:443 HTTP/1.1" 400 172 "-" "-"
37.9.118.29 - - [09/Feb/2016:07:06:56 +0300] "GET / HTTP/1.1" 200 6466 "-" "Mozilla/5.0 (compatible; YandexMetrika/2.0; +http://yandex.com/bots)"
37.9.118.29 - - [09/Feb/2016:07:06:57 +0300] "GET /_api/dynamicmodel HTTP/1.1" 404 949 "http://kambread.ru/" "Mozilla/5.0 (compatible; YandexMetrika/2.0; +http://yandex.com/bots)"
213.180.206.198 - - [09/Feb/2016:07:24:00 +0300] "GET / HTTP/1.1" 200 6466 "-" "Mozilla/5.0 (compatible; YandexMetrika/2.0; +http://yandex.com/bots)"
213.180.206.198 - - [09/Feb/2016:07:24:01 +0300] "GET /_api/dynamicmodel HTTP/1.1" 404 950 "http://kambread.ru/" "Mozilla/5.0 (compatible; YandexMetrika/2.0; +http://yandex.com/bots)"
78.25.121.105 - - [09/Feb/2016:08:30:37 +0300] "GET / HTTP/1.1" 200 6466 "http://www.ved.gov.ru/rus_export/russian_exporters/?id=42802" "Mozilla/5.0 (Windows NT 5.1; rv:43.0) Gecko/20100101 Firefox/43.0"
78.25.121.105 - - [09/Feb/2016:08:30:38 +0300] "GET /favicon.ico HTTP/1.1" 200 318 "-" "Mozilla/5.0 (Windows NT 5.1; rv:43.0) Gecko/20100101 Firefox/43.0"
78.25.121.105 - - [09/Feb/2016:08:30:39 +0300] "GET /_api/dynamicmodel HTTP/1.1" 404 951 "http://www.kambread.ru/" "Mozilla/5.0 (Windows NT 5.1; rv:43.0) Gecko/20100101 Firefox/43.0"
78.25.121.105 - - [09/Feb/2016:08:30:45 +0300] "GET /_api/dynamicmodel HTTP/1.1" 404 951 "http://www.kambread.ru/" "Mozilla/5.0 (Windows NT 5.1; rv:43.0) Gecko/20100101 Firefox/43.0"
91.236.75.4 - - [09/Feb/2016:08:54:00 +0300] "GET http://www.google.com/reader/about/ HTTP/1.1" 404 570 "-" "Mozilla/4.0 (compatible; MSIE 6.0; Windows NT 5.1)"
188.68.224.62 - - [09/Feb/2016:09:34:07 +0300] "GET http://dhg.pisz.pl/httptest.php HTTP/1.1" 404 142 "-" "-"
91.199.197.198 - - [09/Feb/2016:09:54:02 +0300] "GET / HTTP/1.1" 200 18664 "http://khk.vghost.ru/" "Mozilla/5.0 (Windows NT 6.1) AppleWebKit/537.36 (KHTML, like Gecko) Chrome/48.0.2564.103 Safari/537.36"
91.199.197.198 - - [09/Feb/2016:09:54:02 +0300] "GET /_api/dynamicmodel HTTP/1.1" 404 2062 "http://kambread.ru/" "Mozilla/5.0 (Windows NT 6.1) AppleWebKit/537.36 (KHTML, like Gecko) Chrome/48.0.2564.103 Safari/537.36"
91.199.197.198 - - [09/Feb/2016:09:54:04 +0300] "GET /_api/dynamicmodel HTTP/1.1" 404 44 "http://kambread.ru/" "Mozilla/5.0 (Windows NT 6.1) AppleWebKit/537.36 (KHTML, like Gecko) Chrome/48.0.2564.103 Safari/537.36"
188.68.224.62 - - [09/Feb/2016:10:26:56 +0300] "GET http://dhg.pisz.pl/httptest.php HTTP/1.1" 404 142 "-" "-"
195.68.130.46 - - [09/Feb/2016:11:37:27 +0300] "GET / HTTP/1.1" 200 18664 "http://khk.vghost.ru/" "Mozilla/5.0 (Windows NT 6.1; WOW64) AppleWebKit/537.36 (KHTML, like Gecko) Chrome/48.0.2564.82 Safari/537.36 OPR/35.0.2066.37 (Edition Yx)"
195.68.130.46 - - [09/Feb/2016:11:37:28 +0300] "GET /_api/dynamicmodel HTTP/1.1" 404 2062 "http://kambread.ru/" "Mozilla/5.0 (Windows NT 6.1; WOW64) AppleWebKit/537.36 (KHTML, like Gecko) Chrome/48.0.2564.82 Safari/537.36 OPR/35.0.2066.37 (Edition Yx)"
195.68.130.46 - - [09/Feb/2016:11:37:29 +0300] "GET /favicon.ico HTTP/1.1" 200 318 "http://kambread.ru/" "Mozilla/5.0 (Windows NT 6.1; WOW64) AppleWebKit/537.36 (KHTML, like Gecko) Chrome/48.0.2564.82 Safari/537.36 OPR/35.0.2066.37 (Edition Yx)"
195.68.130.46 - - [09/Feb/2016:11:37:29 +0300] "GET /_api/dynamicmodel HTTP/1.1" 404 44 "http://kambread.ru/" "Mozilla/5.0 (Windows NT 6.1; WOW64) AppleWebKit/537.36 (KHTML, like Gecko) Chrome/48.0.2564.82 Safari/537.36 OPR/35.0.2066.37 (Edition Yx)"
169.229.3.91 - - [09/Feb/2016:14:13:04 +0300] "\x9E\xAD\x17\xBE\x14\x147\x9C%[W\xE3aR\xE8A\xAD\x0CYX\x5C`>\xA586J\xA3_=<G[/|= \xFF6P\x0Bta\xD6\xEDk\x1A\xD6'\x15\xE4UC_\x8A\xAE9\x1Cm\xA4s\xCF\xA5\xD7" 400 172 "-" "-"
91.196.50.33 - - [09/Feb/2016:15:09:58 +0300] "GET http://testp2.czar.bielawa.pl/testproxy.php HTTP/1.1" 404 948 "-" "Mozilla/5.0 (Windows NT 5.1; rv:32.0) Gecko/20100101 Firefox/31.0"
141.212.122.177 - - [09/Feb/2016:16:12:02 +0300] "GET / HTTP/1.1" 200 18664 "-" "Mozilla/5.0 zgrab/0.x"
66.249.69.39 - - [09/Feb/2016:16:50:04 +0300] "GET /robots.txt HTTP/1.1" 200 23 "-" "Mozilla/5.0 (compatible; Googlebot/2.1; +http://www.google.com/bot.html)"
66.249.69.31 - - [09/Feb/2016:16:50:04 +0300] "GET /index.html HTTP/1.1" 200 6466 "-" "Mozilla/5.0 (compatible; Googlebot/2.1; +http://www.google.com/bot.html)"
128.232.110.28 - - [09/Feb/2016:16:50:30 +0300] "GET / HTTP/1.1" 200 18664 "-" "Mozilla/5.0 zgrab/0.x"
188.68.224.62 - - [09/Feb/2016:17:06:07 +0300] "GET http://dhg.pisz.pl/httptest.php HTTP/1.1" 404 142 "-" "-"
188.68.224.62 - - [09/Feb/2016:17:26:19 +0300] "GET http://dhg.pisz.pl/httptest.php HTTP/1.1" 404 142 "-" "-"
5.189.132.10 - - [09/Feb/2016:17:39:56 +0300] "GET / HTTP/1.1" 200 18664 "-" "-"
180.76.15.15 - - [09/Feb/2016:17:43:29 +0300] "GET /robots.txt HTTP/1.1" 200 23 "-" "Mozilla/5.0 (Windows NT 5.1; rv:6.0.2) Gecko/20100101 Firefox/6.0.2"
180.76.15.146 - - [09/Feb/2016:17:45:28 +0300] "GET / HTTP/1.1" 200 6466 "-" "Mozilla/5.0 (compatible; Baiduspider/2.0; +http://www.baidu.com/search/spider.html)"
66.249.69.23 - - [09/Feb/2016:17:47:32 +0300] "GET /sitemap.xml HTTP/1.1" 404 949 "-" "Mozilla/5.0 (compatible; Googlebot/2.1; +http://www.google.com/bot.html)"
173.252.75.116 - - [09/Feb/2016:18:29:44 +0300] "GET / HTTP/1.1" 200 6466 "-" "-"
188.68.224.62 - - [09/Feb/2016:18:35:19 +0300] "GET http://dhg.pisz.pl/httptest.php HTTP/1.1" 404 142 "-" "-"
104.148.44.116 - - [09/Feb/2016:18:48:43 +0300] "GET http://proxyjudge.us/ HTTP/1.1" 200 18664 "-" "Mozilla/5.0 (compatible; MSIE 6.0; Windows NT 5.1; Trident/5.0)"
104.148.44.116 - - [09/Feb/2016:18:48:44 +0300] "CONNECT www.baidu.com:443 HTTP/1.1" 400 172 "-" "-"
78.46.50.246 - - [09/Feb/2016:19:57:08 +0300] "GET /robots.txt HTTP/1.0" 200 23 "-" "Mozilla/5.0 (compatible; MJ12bot/v1.4.5; http://www.majestic12.co.uk/bot.php?+)"
78.46.50.246 - - [09/Feb/2016:19:57:10 +0300] "GET / HTTP/1.0" 200 18664 "-" "Mozilla/5.0 (compatible; MJ12bot/v1.4.5; http://www.majestic12.co.uk/bot.php?+)"
159.224.209.145 - - [09/Feb/2016:20:53:48 +0300] "GET / HTTP/1.1" 200 6466 "-" "Mozilla/5.0 (Windows NT 5.1; rv:9.0.1) Gecko/20100101 Firefox/9.0.1"
159.224.209.145 - - [09/Feb/2016:20:53:48 +0300] "GET / HTTP/1.1" 200 6466 "-" "Mozilla/5.0 (Windows NT 5.1; rv:9.0.1) Gecko/20100101 Firefox/9.0.1"
188.68.224.62 - - [09/Feb/2016:21:49:07 +0300] "GET http://dhg.pisz.pl/httptest.php HTTP/1.1" 404 142 "-" "-"
104.148.44.116 - - [09/Feb/2016:21:54:41 +0300] "GET http://proxyworld.perso.sfr.fr/azenv.php HTTP/1.1" 404 2062 "-" "Mozilla/5.0 (compatible; MSIE 6.0; Windows NT 5.1; Trident/5.0)"
104.148.44.116 - - [09/Feb/2016:21:54:42 +0300] "CONNECT www.baidu.com:443 HTTP/1.1" 400 172 "-" "-"
61.147.103.68 - - [09/Feb/2016:23:10:00 +0300] "GET /axis2/axis2-admin HTTP/1.1" 404 570 "-" "Mozilla/4.0 (compatible; MSIE 6.0; Windows NT 5.1"
61.147.103.68 - - [09/Feb/2016:23:10:00 +0300] "GET /script/ HTTP/1.1" 404 570 "-" "Mozilla/4.0 (compatible; MSIE 6.0; Windows NT 5.1"
61.147.103.68 - - [09/Feb/2016:23:10:05 +0300] "GET / HTTP/1.1" 200 18664 "-" "Mozilla/4.0 (compatible; MSIE 6.0; Windows NT 5.1"
212.193.117.227 - - [10/Feb/2016:02:19:47 +0300] "GET / HTTP/1.1" 200 6466 "" "Mozilla/5.0 (compatible; statdom.ru/Bot; +http://statdom.ru/bot.html)"
212.193.117.227 - - [10/Feb/2016:02:19:51 +0300] "GET /favicon.ico HTTP/1.1" 200 318 "" "Mozilla/5.0 (compatible; statdom.ru/Bot; +http://statdom.ru/bot.html)"
66.249.69.23 - - [10/Feb/2016:04:32:05 +0300] "GET /?_escaped_fragment_=%D0%A5%D0%BB%D0%B5%D0%B1%20%22%D0%9F%D0%B5%D0%BA%D0%BB%D0%B5%D0%B2%D0%B0%D0%BD%D0%BD%D1%8B%D0%B9%22/zoom/cl4m/c1p5f HTTP/1.1" 200 6466 "-" "Mozilla/5.0 (compatible; Googlebot/2.1; +http://www.google.com/bot.html)"
82.117.234.105 - - [10/Feb/2016:05:15:58 +0300] "GET /wp-login.php HTTP/1.1" 404 2062 "http://kambread.ru/wp-login.php" "Mozilla/5.0 (Windows NT 6.1; WOW64) AppleWebKit/537.36 (KHTML, like Gecko) Chrome/31.0.1650.57 Safari/537.36"
82.117.234.105 - - [10/Feb/2016:05:15:58 +0300] "GET /administrator/ HTTP/1.1" 404 2062 "http://kambread.ru/administrator/" "Mozilla/5.0 (Windows NT 6.1; WOW64) AppleWebKit/537.36 (KHTML, like Gecko) Chrome/31.0.1650.57 Safari/537.36"
82.117.234.105 - - [10/Feb/2016:05:15:58 +0300] "GET /admin.php HTTP/1.1" 404 2062 "http://kambread.ru/admin.php" "Mozilla/5.0 (Windows NT 6.1; WOW64) AppleWebKit/537.36 (KHTML, like Gecko) Chrome/31.0.1650.57 Safari/537.36"
82.117.234.105 - - [10/Feb/2016:05:15:58 +0300] "GET /bitrix/admin/ HTTP/1.1" 404 2062 "http://kambread.ru/bitrix/admin/" "Mozilla/5.0 (Windows NT 6.1; WOW64) AppleWebKit/537.36 (KHTML, like Gecko) Chrome/31.0.1650.57 Safari/537.36"
82.117.234.105 - - [10/Feb/2016:05:15:59 +0300] "GET /?q=user HTTP/1.1" 200 18664 "http://kambread.ru/?q=user" "Mozilla/5.0 (Windows NT 6.1; WOW64) AppleWebKit/537.36 (KHTML, like Gecko) Chrome/31.0.1650.57 Safari/537.36"
82.117.234.105 - - [10/Feb/2016:05:15:59 +0300] "GET /index.php/admin/ HTTP/1.1" 404 2062 "http://kambread.ru/index.php/admin/" "Mozilla/5.0 (Windows NT 6.1; WOW64) AppleWebKit/537.36 (KHTML, like Gecko) Chrome/31.0.1650.57 Safari/537.36"
188.68.224.62 - - [10/Feb/2016:05:27:43 +0300] "GET http://dhg.pisz.pl/httptest.php HTTP/1.1" 404 142 "-" "-"
198.20.69.74 - - [10/Feb/2016:05:35:05 +0300] "GET / HTTP/1.1" 200 18664 "-" "-"
198.20.69.74 - - [10/Feb/2016:05:35:05 +0300] "GET /robots.txt HTTP/1.1" 200 23 "-" "-"
198.20.69.74 - - [10/Feb/2016:05:35:06 +0300] "GET /sitemap.xml HTTP/1.1" 404 168 "-" "-"
37.9.118.29 - - [10/Feb/2016:07:11:04 +0300] "GET / HTTP/1.1" 200 6466 "-" "Mozilla/5.0 (compatible; YandexMetrika/2.0; +http://yandex.com/bots)"
37.9.118.29 - - [10/Feb/2016:07:11:04 +0300] "GET /_api/dynamicmodel HTTP/1.1" 404 950 "http://kambread.ru/" "Mozilla/5.0 (compatible; YandexMetrika/2.0; +http://yandex.com/bots)"
157.55.39.219 - - [10/Feb/2016:07:18:34 +0300] "GET /robots.txt HTTP/1.1" 200 23 "-" "Mozilla/5.0 (compatible; bingbot/2.0; +http://www.bing.com/bingbot.htm)"
94.185.83.100 - - [10/Feb/2016:07:26:06 +0300] "GET http://testp3.pospr.waw.pl/testproxy.php HTTP/1.1" 404 142 "-" "Mozilla/5.0 (Windows NT 5.1; rv:32.0) Gecko/20100101 Firefox/31.0"
157.55.39.219 - - [10/Feb/2016:07:33:46 +0300] "GET / HTTP/1.1" 200 6466 "-" "Mozilla/5.0 (compatible; bingbot/2.0; +http://www.bing.com/bingbot.htm)"
52.53.218.44 - - [10/Feb/2016:08:32:41 +0300] "GET / HTTP/1.0" 200 18664 "-" "Mozilla/5.0 (Windows NT 6.3; rv:36.0 Gecko/20100101 Firefox/36.0"
54.183.212.23 - - [10/Feb/2016:08:32:42 +0300] "GET / HTTP/1.0" 200 18664 "-" "Mozilla/5.0 (Windows NT 6.3; rv:36.0 Gecko/20100101 Firefox/36.0"
178.154.189.29 - - [10/Feb/2016:08:46:05 +0300] "GET /robots.txt HTTP/1.1" 200 23 "-" "Mozilla/5.0 (compatible; YandexBot/3.0; +http://yandex.com/bots)"
130.193.51.67 - - [10/Feb/2016:08:46:06 +0300] "GET /robots.txt HTTP/1.1" 200 23 "-" "Mozilla/5.0 (compatible; YandexBot/3.0; +http://yandex.com/bots)"
130.193.51.67 - - [10/Feb/2016:08:46:09 +0300] "GET / HTTP/1.1" 200 6466 "-" "Mozilla/5.0 (compatible; YandexBot/3.0; +http://yandex.com/bots)"
178.154.189.29 - - [10/Feb/2016:08:46:09 +0300] "GET / HTTP/1.1" 200 6466 "-" "Mozilla/5.0 (compatible; YandexBot/3.0; +http://yandex.com/bots)"
130.193.51.67 - - [10/Feb/2016:08:46:13 +0300] "GET / HTTP/1.1" 200 6466 "-" "Mozilla/5.0 (compatible; YandexBot/3.0; +http://yandex.com/bots)"
178.154.189.29 - - [10/Feb/2016:08:46:13 +0300] "GET / HTTP/1.1" 200 6466 "-" "Mozilla/5.0 (compatible; YandexBot/3.0; +http://yandex.com/bots)"
66.249.81.208 - - [10/Feb/2016:09:44:08 +0300] "GET / HTTP/1.1" 200 6466 "-" "Mozilla/5.0 (Windows NT 6.1; rv:6.0) Gecko/20110814 Firefox/6.0 Google Favicon"
66.249.81.141 - - [10/Feb/2016:09:44:08 +0300] "GET / HTTP/1.1" 200 6466 "-" "Mozilla/5.0 (Windows NT 6.1; rv:6.0) Gecko/20110814 Firefox/6.0 Google Favicon"
66.249.81.208 - - [10/Feb/2016:09:44:08 +0300] "GET /?_escaped_fragment_= HTTP/1.1" 200 6466 "-" "Mozilla/5.0 (Windows NT 6.1; rv:6.0) Gecko/20110814 Firefox/6.0 Google Favicon"
66.249.81.149 - - [10/Feb/2016:09:44:08 +0300] "GET /?_escaped_fragment_= HTTP/1.1" 200 6466 "-" "Mozilla/5.0 (Windows NT 6.1; rv:6.0) Gecko/20110814 Firefox/6.0 Google Favicon"
66.249.81.149 - - [10/Feb/2016:09:44:08 +0300] "GET /favicon.ico HTTP/1.1" 200 318 "-" "Mozilla/5.0 (Windows NT 6.1; rv:6.0) Gecko/20110814 Firefox/6.0 Google Favicon"
66.249.81.149 - - [10/Feb/2016:09:44:08 +0300] "GET /favicon.ico HTTP/1.1" 200 318 "-" "Mozilla/5.0 (Windows NT 6.1; rv:6.0) Gecko/20110814 Firefox/6.0 Google Favicon"
78.25.123.167 - - [10/Feb/2016:09:59:43 +0300] "GET / HTTP/1.1" 200 6466 "-" "Mozilla/4.0 (compatible; MSIE 7.0; Windows NT 5.1; Trident/4.0; .NET CLR 1.1.4322; .NET CLR 2.0.50727; .NET CLR 3.0.4506.2152; .NET CLR 3.5.30729; .NET4.0C; .NET4.0E; InfoPath.2)"
78.25.123.167 - - [10/Feb/2016:09:59:45 +0300] "GET / HTTP/1.1" 200 6466 "-" "Mozilla/5.0 (Windows NT 5.1; rv:43.0) Gecko/20100101 Firefox/43.0"
78.25.123.167 - - [10/Feb/2016:09:59:46 +0300] "GET /favicon.ico HTTP/1.1" 200 318 "-" "Mozilla/5.0 (Windows NT 5.1; rv:43.0) Gecko/20100101 Firefox/43.0"
78.25.123.167 - - [10/Feb/2016:09:59:46 +0300] "GET /_api/dynamicmodel HTTP/1.1" 404 950 "http://www.kambread.ru/" "Mozilla/5.0 (Windows NT 5.1; rv:43.0) Gecko/20100101 Firefox/43.0"
78.25.123.167 - - [10/Feb/2016:09:59:52 +0300] "GET /_api/dynamicmodel HTTP/1.1" 404 947 "http://www.kambread.ru/" "Mozilla/5.0 (Windows NT 5.1; rv:43.0) Gecko/20100101 Firefox/43.0"
78.25.123.167 - - [10/Feb/2016:10:44:51 +0300] "GET / HTTP/1.1" 200 6466 "-" "Mozilla/4.0 (compatible; MSIE 7.0; Windows NT 5.1; Trident/4.0; .NET CLR 1.1.4322; .NET CLR 2.0.50727; .NET CLR 3.0.4506.2152; .NET CLR 3.5.30729; .NET4.0C; .NET4.0E; InfoPath.2)"
78.25.123.167 - - [10/Feb/2016:10:44:55 +0300] "GET /_api/dynamicmodel HTTP/1.1" 404 949 "http://www.kambread.ru/" "Mozilla/5.0 (Windows NT 5.1; rv:43.0) Gecko/20100101 Firefox/43.0"
78.25.123.167 - - [10/Feb/2016:10:44:56 +0300] "GET /_api/dynamicmodel HTTP/1.1" 404 951 "http://www.kambread.ru/" "Mozilla/5.0 (Windows NT 5.1; rv:43.0) Gecko/20100101 Firefox/43.0"
78.25.123.167 - - [10/Feb/2016:10:45:34 +0300] "GET / HTTP/1.1" 200 6466 "-" "Mozilla/4.0 (compatible; MSIE 7.0; Windows NT 5.1; Trident/4.0; .NET CLR 1.1.4322; .NET CLR 2.0.50727; .NET CLR 3.0.4506.2152; .NET CLR 3.5.30729; .NET4.0C; .NET4.0E; InfoPath.2)"
78.25.123.167 - - [10/Feb/2016:10:45:35 +0300] "GET /_api/dynamicmodel HTTP/1.1" 404 948 "http://www.kambread.ru/" "Mozilla/5.0 (Windows NT 5.1; rv:43.0) Gecko/20100101 Firefox/43.0"
78.25.123.167 - - [10/Feb/2016:10:45:37 +0300] "GET /_api/dynamicmodel HTTP/1.1" 404 952 "http://www.kambread.ru/" "Mozilla/5.0 (Windows NT 5.1; rv:43.0) Gecko/20100101 Firefox/43.0"
188.68.224.62 - - [10/Feb/2016:11:06:44 +0300] "GET http://dhg.pisz.pl/httptest.php HTTP/1.1" 404 142 "-" "-"
144.76.29.66 - - [10/Feb/2016:11:08:59 +0300] "GET /robots.txt HTTP/1.0" 200 23 "-" "Mozilla/5.0 (compatible; MJ12bot/v1.4.5; http://www.majestic12.co.uk/bot.php?+)"
144.76.29.66 - - [10/Feb/2016:11:09:03 +0300] "GET /index.html HTTP/1.0" 200 18664 "-" "Mozilla/5.0 (compatible; MJ12bot/v1.4.5; http://www.majestic12.co.uk/bot.php?+)"
66.249.69.23 - - [10/Feb/2016:11:51:06 +0300] "GET /?_escaped_fragment_=loaves/c1vcl HTTP/1.1" 200 6466 "-" "Mozilla/5.0 (compatible; Googlebot/2.1; +http://www.google.com/bot.html)"
66.249.69.23 - - [10/Feb/2016:11:51:45 +0300] "GET /index.html HTTP/1.1" 200 6466 "-" "Mozilla/5.0 (compatible; Googlebot/2.1; +http://www.google.com/bot.html)"
66.249.69.23 - - [10/Feb/2016:11:51:45 +0300] "GET /index.html?_escaped_fragment_= HTTP/1.1" 200 6466 "-" "Mozilla/5.0 (compatible; Googlebot/2.1; +http://www.google.com/bot.html)"
66.249.69.39 - - [10/Feb/2016:12:20:09 +0300] "GET /?_escaped_fragment_=bagels/c21fk HTTP/1.1" 200 6466 "-" "Mozilla/5.0 (iPhone; CPU iPhone OS 8_3 like Mac OS X) AppleWebKit/600.1.4 (KHTML, like Gecko) Version/8.0 Mobile/12F70 Safari/600.1.4 (compatible; Googlebot/2.1; +http://www.google.com/bot.html)"
5.39.222.159 - - [10/Feb/2016:12:23:48 +0300] "GET /rom-0 HTTP/1.1" 404 2062 "-" "-"
66.249.69.23 - - [10/Feb/2016:12:36:06 +0300] "GET /?_escaped_fragment_=%D0%91%D1%83%D0%BB%D0%BE%D1%87%D0%BA%D0%B0%20%D1%81%20%D0%BF%D0%BE%D0%B2%D0%B8%D0%B4%D0%BB%D0%BE%D0%BC/zoom/c7rp/c20gg HTTP/1.1" 200 6466 "-" "Mozilla/5.0 (compatible; Googlebot/2.1; +http://www.google.com/bot.html)"
188.68.224.62 - - [10/Feb/2016:13:04:56 +0300] "GET http://dhg.pisz.pl/httptest.php HTTP/1.1" 404 142 "-" "-"
169.229.3.91 - - [10/Feb/2016:13:07:33 +0300] "\xD4zU)+\x85\xAA\xD6\xF5\xAAR\xA8" 400 172 "-" "-"
66.249.69.31 - - [10/Feb/2016:13:14:13 +0300] "GET /?_escaped_fragment_=pastry/cwjz HTTP/1.1" 200 6466 "-" "Mozilla/5.0 (iPhone; CPU iPhone OS 8_3 like Mac OS X) AppleWebKit/600.1.4 (KHTML, like Gecko) Version/8.0 Mobile/12F70 Safari/600.1.4 (compatible; Googlebot/2.1; +http://www.google.com/bot.html)"
66.249.69.39 - - [10/Feb/2016:13:23:47 +0300] "GET / HTTP/1.1" 200 6466 "-" "Mozilla/5.0 (iPhone; CPU iPhone OS 8_3 like Mac OS X) AppleWebKit/600.1.4 (KHTML, like Gecko) Version/8.0 Mobile/12F70 Safari/600.1.4 (compatible; Googlebot/2.1; +http://www.google.com/bot.html)"
66.249.69.31 - - [10/Feb/2016:13:24:06 +0300] "GET /?_escaped_fragment_=%D0%A1%D0%B4%D0%BE%D0%B1%D0%B0%20%C2%AB%D0%9A%D0%B0%D0%BC%D1%8B%D1%88%D0%B8%D0%BD%D1%81%D0%BA%D0%B0%D1%8F%C2%BB/zoom/c1vcl/c1xaz HTTP/1.1" 200 6466 "-" "Mozilla/5.0 (compatible; Googlebot/2.1; +http://www.google.com/bot.html)"
188.68.224.62 - - [10/Feb/2016:13:28:31 +0300] "GET http://dhg.pisz.pl/httptest.php HTTP/1.1" 404 142 "-" "-"
66.249.69.23 - - [10/Feb/2016:14:03:28 +0300] "GET / HTTP/1.1" 200 6466 "-" "Mozilla/5.0 (compatible; Googlebot/2.1; +http://www.google.com/bot.html)"
66.249.69.23 - - [10/Feb/2016:14:03:29 +0300] "GET /?_escaped_fragment_= HTTP/1.1" 200 6466 "-" "Mozilla/5.0 (compatible; Googlebot/2.1; +http://www.google.com/bot.html)"
66.249.69.39 - - [10/Feb/2016:14:12:06 +0300] "GET /?_escaped_fragment_=contact/c1uuh HTTP/1.1" 200 6466 "-" "Mozilla/5.0 (compatible; Googlebot/2.1; +http://www.google.com/bot.html)"
66.249.69.31 - - [10/Feb/2016:14:18:46 +0300] "GET /?_escaped_fragment_=%D0%91%D0%B0%D1%80%D0%B0%D0%BD%D0%BA%D0%B0%20%22%D0%A1%D0%B0%D1%85%D0%B0%D1%80%D0%BD%D0%B0%D1%8F%22%20%D1%81%20%D0%BC%D0%B0%D0%BA%D0%BE%D0%BC/zoom/c21fk/c1m6b HTTP/1.1" 200 6466 "-" "Mozilla/5.0 (iPhone; CPU iPhone OS 8_3 like Mac OS X) AppleWebKit/600.1.4 (KHTML, like Gecko) Version/8.0 Mobile/12F70 Safari/600.1.4 (compatible; Googlebot/2.1; +http://www.google.com/bot.html)"
188.68.224.62 - - [10/Feb/2016:14:44:08 +0300] "GET http://dhg.pisz.pl/httptest.php HTTP/1.1" 404 142 "-" "-"
66.249.69.23 - - [10/Feb/2016:15:00:06 +0300] "GET /?_escaped_fragment_=bread/cl4m HTTP/1.1" 200 6466 "-" "Mozilla/5.0 (compatible; Googlebot/2.1; +http://www.google.com/bot.html)"
188.68.224.62 - - [10/Feb/2016:15:00:19 +0300] "GET http://dhg.pisz.pl/httptest.php HTTP/1.1" 404 142 "-" "-"
66.249.69.7 - - [10/Feb/2016:15:23:18 +0300] "GET /?_escaped_fragment_=%D0%9A%D1%80%D1%83%D0%B0%D1%81%D1%81%D0%B0%D0%BD%D1%8B/zoom/cwjz/c209n HTTP/1.1" 200 6466 "-" "Mozilla/5.0 (iPhone; CPU iPhone OS 8_3 like Mac OS X) AppleWebKit/600.1.4 (KHTML, like Gecko) Version/8.0 Mobile/12F70 Safari/600.1.4 (compatible; Googlebot/2.1; +http://www.google.com/bot.html)"
91.236.75.4 - - [10/Feb/2016:15:34:42 +0300] "GET http://www.google.com/reader/about/ HTTP/1.1" 404 570 "-" "Mozilla/4.0 (compatible; MSIE 6.0; Windows NT 5.1)"
66.249.69.39 - - [10/Feb/2016:15:48:06 +0300] "GET /?_escaped_fragment_=pastry/cwjz HTTP/1.1" 200 6466 "-" "Mozilla/5.0 (compatible; Googlebot/2.1; +http://www.google.com/bot.html)"
104.148.44.116 - - [10/Feb/2016:16:22:06 +0300] "GET http://domkrim.com/av.php HTTP/1.1" 404 2062 "-" "Mozilla/5.0 (compatible; MSIE 6.0; Windows NT 5.1; Trident/5.0)"
104.148.44.116 - - [10/Feb/2016:16:22:07 +0300] "CONNECT www.baidu.com:443 HTTP/1.1" 400 172 "-" "-"
66.249.69.39 - - [10/Feb/2016:16:27:49 +0300] "GET / HTTP/1.1" 200 6466 "-" "Mozilla/5.0 (iPhone; CPU iPhone OS 8_3 like Mac OS X) AppleWebKit/600.1.4 (KHTML, like Gecko) Version/8.0 Mobile/12F70 Safari/600.1.4 (compatible; Googlebot/2.1; +http://www.google.com/bot.html)"
66.249.69.23 - - [10/Feb/2016:16:27:50 +0300] "GET /?_escaped_fragment_= HTTP/1.1" 200 6466 "-" "Mozilla/5.0 (iPhone; CPU iPhone OS 8_3 like Mac OS X) AppleWebKit/600.1.4 (KHTML, like Gecko) Version/8.0 Mobile/12F70 Safari/600.1.4 (compatible; Googlebot/2.1; +http://www.google.com/bot.html)"
66.249.69.23 - - [10/Feb/2016:16:36:06 +0300] "GET /?_escaped_fragment_=%D0%9A%D0%BE%D1%80%D0%B6%20%D0%BC%D0%BE%D0%BB%D0%BE%D1%87%D0%BD%D1%8B%D0%B9/zoom/cwjz/c1s56 HTTP/1.1" 200 6466 "-" "Mozilla/5.0 (compatible; Googlebot/2.1; +http://www.google.com/bot.html)"
91.196.50.33 - - [10/Feb/2016:16:55:09 +0300] "GET http://testp2.czar.bielawa.pl/testproxy.php HTTP/1.1" 404 142 "-" "Mozilla/5.0 (Windows NT 5.1; rv:32.0) Gecko/20100101 Firefox/31.0"
188.68.224.62 - - [10/Feb/2016:17:13:56 +0300] "GET http://dhg.pisz.pl/httptest.php HTTP/1.1" 404 142 "-" "-"
66.249.69.31 - - [10/Feb/2016:17:24:06 +0300] "GET /robots.txt HTTP/1.1" 200 23 "-" "Mozilla/5.0 (compatible; Googlebot/2.1; +http://www.google.com/bot.html)"
66.249.69.31 - - [10/Feb/2016:17:24:06 +0300] "GET /?_escaped_fragment_=bagels/c21fk HTTP/1.1" 200 6466 "-" "Mozilla/5.0 (compatible; Googlebot/2.1; +http://www.google.com/bot.html)"
66.249.69.39 - - [10/Feb/2016:17:32:20 +0300] "GET /?_escaped_fragment_=loaves/c1vcl HTTP/1.1" 200 6466 "-" "Mozilla/5.0 (iPhone; CPU iPhone OS 8_3 like Mac OS X) AppleWebKit/600.1.4 (KHTML, like Gecko) Version/8.0 Mobile/12F70 Safari/600.1.4 (compatible; Googlebot/2.1; +http://www.google.com/bot.html)"
46.150.239.155 - - [10/Feb/2016:18:08:32 +0300] "GET / HTTP/1.1" 200 6466 "http://khk.vghost.ru/index.html" "Mozilla/5.0 (Windows NT 10.0; WOW64) AppleWebKit/537.36 (KHTML, like Gecko) Chrome/46.0.2490.86 YaBrowser/15.12.1.6475 Safari/537.36"
46.150.239.155 - - [10/Feb/2016:18:08:33 +0300] "GET /_api/dynamicmodel HTTP/1.1" 404 951 "http://kambread.ru/" "Mozilla/5.0 (Windows NT 10.0; WOW64) AppleWebKit/537.36 (KHTML, like Gecko) Chrome/46.0.2490.86 YaBrowser/15.12.1.6475 Safari/537.36"
46.150.239.155 - - [10/Feb/2016:18:08:35 +0300] "GET /_api/dynamicmodel HTTP/1.1" 404 60 "http://kambread.ru/" "Mozilla/5.0 (Windows NT 10.0; WOW64) AppleWebKit/537.36 (KHTML, like Gecko) Chrome/46.0.2490.86 YaBrowser/15.12.1.6475 Safari/537.36"
66.249.69.31 - - [10/Feb/2016:18:12:06 +0300] "GET /?_escaped_fragment_=about/cjg9 HTTP/1.1" 200 6466 "-" "Mozilla/5.0 (compatible; Googlebot/2.1; +http://www.google.com/bot.html)"
66.249.69.23 - - [10/Feb/2016:19:00:06 +0300] "GET /?_escaped_fragment_=%D0%91%D0%B0%D1%80%D0%B0%D0%BD%D0%BA%D0%B0%20%22%D0%A1%D0%B0%D1%85%D0%B0%D1%80%D0%BD%D0%B0%D1%8F%22%20%D1%81%20%D0%BC%D0%B0%D0%BA%D0%BE%D0%BC/zoom/c21fk/c1m6b HTTP/1.1" 200 6466 "-" "Mozilla/5.0 (compatible; Googlebot/2.1; +http://www.google.com/bot.html)"
66.249.69.39 - - [10/Feb/2016:19:42:08 +0300] "GET /?_escaped_fragment_=awards/cfvg HTTP/1.1" 200 6466 "-" "Mozilla/5.0 (iPhone; CPU iPhone OS 8_3 like Mac OS X) AppleWebKit/600.1.4 (KHTML, like Gecko) Version/8.0 Mobile/12F70 Safari/600.1.4 (compatible; Googlebot/2.1; +http://www.google.com/bot.html)"
66.249.69.39 - - [10/Feb/2016:19:48:06 +0300] "GET /?_escaped_fragment_=%D0%91%D1%83%D0%BB%D0%BA%D0%B0%20%D0%B2%D0%B8%D1%82%D0%B0%D1%8F/zoom/c7rp/c1rpa HTTP/1.1" 200 6466 "-" "Mozilla/5.0 (compatible; Googlebot/2.1; +http://www.google.com/bot.html)"
188.68.224.62 - - [10/Feb/2016:19:51:08 +0300] "GET http://dhg.pisz.pl/httptest.php HTTP/1.1" 404 142 "-" "-"
66.249.65.40 - - [10/Feb/2016:19:56:19 +0300] "GET /?_escaped_fragment_=%D0%A5%D0%BB%D0%B5%D0%B1%20%C2%AB%D0%A0%D0%BE%D0%BC%D0%B0%D1%88%D0%BA%D0%B0%C2%BB/zoom/cl4m/c12cq HTTP/1.1" 200 6466 "-" "Mozilla/5.0 (compatible; Googlebot/2.1; +http://www.google.com/bot.html)"
66.249.65.40 - - [10/Feb/2016:20:24:09 +0300] "GET /?_escaped_fragment_=awards/cfvg HTTP/1.1" 200 6466 "-" "Mozilla/5.0 (compatible; Googlebot/2.1; +http://www.google.com/bot.html)"
66.249.65.43 - - [10/Feb/2016:20:36:06 +0300] "GET /?_escaped_fragment_=%D0%91%D0%B0%D1%82%D0%BE%D0%BD%20%C2%AB%D0%9E%D1%81%D0%BE%D0%B1%D1%8B%D0%B9%C2%BB/zoom/c1vcl/ciun HTTP/1.1" 200 6466 "-" "Mozilla/5.0 (compatible; Googlebot/2.1; +http://www.google.com/bot.html)"
128.232.110.28 - - [10/Feb/2016:20:39:26 +0300] "GET / HTTP/1.1" 200 18664 "-" "Mozilla/5.0 zgrab/0.x"
66.249.65.40 - - [10/Feb/2016:20:47:04 +0300] "GET /?_escaped_fragment_=%D0%91%D1%83%D0%BB%D0%BA%D0%B0%20%D0%B2%D0%B8%D1%82%D0%B0%D1%8F/zoom/c7rp/c1rpa HTTP/1.1" 200 6466 "-" "Mozilla/5.0 (iPhone; CPU iPhone OS 8_3 like Mac OS X) AppleWebKit/600.1.4 (KHTML, like Gecko) Version/8.0 Mobile/12F70 Safari/600.1.4 (compatible; Googlebot/2.1; +http://www.google.com/bot.html)"
188.165.15.21 - - [10/Feb/2016:20:52:22 +0300] "GET /robots.txt HTTP/1.1" 200 23 "-" "Mozilla/5.0 (compatible; AhrefsBot/5.0; +http://ahrefs.com/robot/)"
66.249.65.43 - - [10/Feb/2016:21:24:06 +0300] "GET /?_escaped_fragment_=buns/c7rp HTTP/1.1" 200 6466 "-" "Mozilla/5.0 (compatible; Googlebot/2.1; +http://www.google.com/bot.html)"
66.249.65.46 - - [10/Feb/2016:21:51:52 +0300] "GET /?_escaped_fragment_=about/cjg9 HTTP/1.1" 200 6466 "-" "Mozilla/5.0 (iPhone; CPU iPhone OS 8_3 like Mac OS X) AppleWebKit/600.1.4 (KHTML, like Gecko) Version/8.0 Mobile/12F70 Safari/600.1.4 (compatible; Googlebot/2.1; +http://www.google.com/bot.html)"
66.249.65.40 - - [10/Feb/2016:22:12:06 +0300] "GET /?_escaped_fragment_=price/cd00 HTTP/1.1" 200 6466 "-" "Mozilla/5.0 (compatible; Googlebot/2.1; +http://www.google.com/bot.html)"
66.249.65.46 - - [10/Feb/2016:22:15:09 +0300] "GET / HTTP/1.1" 200 6466 "-" "Mozilla/5.0 (iPhone; CPU iPhone OS 8_3 like Mac OS X) AppleWebKit/600.1.4 (KHTML, like Gecko) Version/8.0 Mobile/12F70 Safari/600.1.4 (compatible; Googlebot/2.1; +http://www.google.com/bot.html)"
91.196.50.33 - - [10/Feb/2016:22:21:46 +0300] "GET http://testp5.mielno.lubin.pl/testproxy.php HTTP/1.1" 404 950 "-" "Mozilla/5.0 (Windows NT 5.1; rv:32.0) Gecko/20100101 Firefox/31.0"
188.68.224.62 - - [10/Feb/2016:22:35:08 +0300] "GET http://dhg.pisz.pl/httptest.php HTTP/1.1" 404 142 "-" "-"
94.185.83.100 - - [10/Feb/2016:22:37:27 +0300] "GET http://testp5.mielno.lubin.pl/testproxy.php HTTP/1.1" 404 950 "-" "Mozilla/5.0 (Windows NT 5.1; rv:32.0) Gecko/20100101 Firefox/31.0"
66.249.65.40 - - [10/Feb/2016:22:57:02 +0300] "GET /?_escaped_fragment_=bread/cl4m HTTP/1.1" 200 6466 "-" "Mozilla/5.0 (iPhone; CPU iPhone OS 8_3 like Mac OS X) AppleWebKit/600.1.4 (KHTML, like Gecko) Version/8.0 Mobile/12F70 Safari/600.1.4 (compatible; Googlebot/2.1; +http://www.google.com/bot.html)"
66.249.65.46 - - [10/Feb/2016:23:00:06 +0300] "GET /?_escaped_fragment_=%D0%A5%D0%BB%D0%B5%D0%B1%20%22%D0%91%D0%B5%D0%BB%D1%8B%D0%B9%22/zoom/cl4m/ce3c HTTP/1.1" 200 6466 "-" "Mozilla/5.0 (compatible; Googlebot/2.1; +http://www.google.com/bot.html)"
185.35.62.11 - - [10/Feb/2016:23:41:01 +0300] "GET / HTTP/1.1" 200 18664 "-" "Mozilla/5.0 zgrab/0.x"
188.68.224.62 - - [10/Feb/2016:23:41:57 +0300] "GET http://dhg.pisz.pl/httptest.php HTTP/1.1" 404 142 "-" "-"
66.249.65.43 - - [10/Feb/2016:23:48:06 +0300] "GET /?_escaped_fragment_=%D0%9A%D1%80%D1%83%D0%B0%D1%81%D1%81%D0%B0%D0%BD%D1%8B/zoom/cwjz/c209n HTTP/1.1" 200 6466 "-" "Mozilla/5.0 (compatible; Googlebot/2.1; +http://www.google.com/bot.html)"
66.249.65.40 - - [10/Feb/2016:23:56:18 +0300] "GET / HTTP/1.1" 200 6466 "-" "Mozilla/5.0 (compatible; Googlebot/2.1; +http://www.google.com/bot.html)"
66.249.65.46 - - [10/Feb/2016:23:56:19 +0300] "GET /?_escaped_fragment_= HTTP/1.1" 200 6466 "-" "Mozilla/5.0 (compatible; Googlebot/2.1; +http://www.google.com/bot.html)"
66.249.65.40 - - [11/Feb/2016:00:36:06 +0300] "GET /?_escaped_fragment_=%D0%91%D0%B0%D1%82%D0%BE%D0%BD%20%D1%81%20%D0%B8%D0%B7%D1%8E%D0%BC%D0%BE%D0%BC/zoom/c1vcl/ce7n HTTP/1.1" 200 6466 "-" "Mozilla/5.0 (compatible; Googlebot/2.1; +http://www.google.com/bot.html)"
185.25.48.72 - - [11/Feb/2016:01:21:43 +0300] "GET / HTTP/1.0" 200 18664 "-" "-"
185.25.48.72 - - [11/Feb/2016:01:21:44 +0300] "GET / HTTP/1.0" 200 18664 "-" "-"
93.158.152.203 - - [11/Feb/2016:01:22:18 +0300] "GET /robots.txt HTTP/1.1" 200 23 "-" "Mozilla/5.0 (compatible; YandexBot/3.0; +http://yandex.com/bots)"
93.158.152.203 - - [11/Feb/2016:01:22:22 +0300] "GET / HTTP/1.1" 200 6466 "-" "Mozilla/5.0 (compatible; YandexBot/3.0; +http://yandex.com/bots)"
93.158.152.203 - - [11/Feb/2016:01:25:13 +0300] "GET /_api/dynamicmodel HTTP/1.1" 404 951 "http://kambread.ru/" "Mozilla/5.0 (compatible; YandexBot/3.0; +http://yandex.com/bots)"
37.9.122.203 - - [11/Feb/2016:01:27:06 +0300] "GET / HTTP/1.1" 200 6466 "-" "Mozilla/5.0 (compatible; YandexBot/3.0; +http://yandex.com/bots)"
188.68.224.62 - - [11/Feb/2016:02:24:09 +0300] "GET http://dhg.pisz.pl/httptest.php HTTP/1.1" 404 142 "-" "-"
131.253.38.67 - - [11/Feb/2016:03:33:18 +0300] "GET /BingSiteAuth.xml HTTP/1.1" 404 2062 "-" "Mozilla/5.0 (compatible; MSIE 9.0; Windows NT 7.1; Trident/5.0)"
131.253.38.67 - - [11/Feb/2016:03:33:19 +0300] "GET /bingsiteauth.xml HTTP/1.1" 404 2062 "-" "Mozilla/5.0 (compatible; MSIE 9.0; Windows NT 7.1; Trident/5.0)"
131.253.38.67 - - [11/Feb/2016:03:33:19 +0300] "GET /LiveSearchSiteAuth.xml HTTP/1.1" 404 2062 "-" "Mozilla/5.0 (compatible; MSIE 9.0; Windows NT 7.1; Trident/5.0)"
131.253.38.67 - - [11/Feb/2016:03:33:19 +0300] "GET / HTTP/1.1" 200 18664 "-" "Mozilla/5.0 (compatible; MSIE 9.0; Windows NT 7.1; Trident/5.0)"
184.95.40.147 - - [11/Feb/2016:04:07:39 +0300] "GET / HTTP/1.1" 200 18664 "-" "Mozilla/5.0 (Windows NT 6.1; WOW64; rv:18.0) Gecko/20100101 Firefox/18.0"
184.95.40.147 - - [11/Feb/2016:04:07:40 +0300] "GET / HTTP/1.1" 200 18664 "-" "Mozilla/5.0 (Windows NT 6.1; WOW64; rv:18.0) Gecko/20100101 Firefox/18.0"
185.100.85.190 - - [11/Feb/2016:04:17:17 +0300] "GET / HTTP/1.1" 200 6466 "http://pizza-tycoon.com/" "Mozilla/5.0 (X11; Linux x86_64) AppleWebKit/537.36 (KHTML, like Gecko) Chrome/37.0.2062.120 Safari/537.36"
84.19.169.165 - - [11/Feb/2016:05:16:17 +0300] "GET /wp-content/themes/u-design/scripts/script.js HTTP/1.0" 404 2050 "-" "Mozilla/4.0 (compatible; MSIE 6.0; Windows NT 5.0; ru) Opera 8.0"
213.136.64.63 - - [11/Feb/2016:05:35:51 +0300] "GET / HTTP/1.1" 206 5001 "-" "Mozilla/5.0 (Windows; U; Windows NT 5.1; en-US; rv:1.8.1.1) Gecko/20061204 Firefox/2.0.0.1"
176.103.48.25 - - [11/Feb/2016:06:07:02 +0300] "GET / HTTP/1.1" 200 6466 "-" "Mozilla/5.0 (Windows NT 5.1; rv:9.0.1) Gecko/20100101 Firefox/9.0.1"
176.103.48.25 - - [11/Feb/2016:06:07:02 +0300] "GET / HTTP/1.1" 200 6466 "-" "Mozilla/5.0 (Windows NT 5.1; rv:9.0.1) Gecko/20100101 Firefox/9.0.1"
198.20.69.74 - - [11/Feb/2016:06:21:27 +0300] "GET / HTTP/1.1" 200 18664 "-" "-"
198.20.69.74 - - [11/Feb/2016:06:21:28 +0300] "GET /robots.txt HTTP/1.1" 200 23 "-" "-"
198.20.69.74 - - [11/Feb/2016:06:21:28 +0300] "GET /sitemap.xml HTTP/1.1" 404 2062 "-" "-"
188.68.224.62 - - [11/Feb/2016:06:38:31 +0300] "GET http://dhg.pisz.pl/httptest.php HTTP/1.1" 404 142 "-" "-"
66.249.65.43 - - [11/Feb/2016:06:53:05 +0300] "GET / HTTP/1.1" 200 6466 "-" "Mozilla/5.0 (compatible; Googlebot/2.1; +http://www.google.com/bot.html)"
66.249.65.46 - - [11/Feb/2016:06:53:06 +0300] "GET /?_escaped_fragment_= HTTP/1.1" 200 6466 "-" "Mozilla/5.0 (compatible; Googlebot/2.1; +http://www.google.com/bot.html)"
66.249.65.43 - - [11/Feb/2016:06:53:31 +0300] "GET / HTTP/1.1" 200 6466 "-" "Mozilla/5.0 (compatible; Googlebot/2.1; +http://www.google.com/bot.html)"
119.188.4.3 - - [11/Feb/2016:06:58:35 +0300] "GET //phpMyAdmin/scripts/setup.php HTTP/1.1" 404 951 "-" "-"
119.188.4.3 - - [11/Feb/2016:06:58:35 +0300] "GET //myadmin/scripts/setup.php HTTP/1.1" 404 950 "-" "-"
119.188.4.3 - - [11/Feb/2016:06:58:35 +0300] "GET //websql/scripts/setup.php HTTP/1.1" 404 948 "-" "-"
119.188.4.3 - - [11/Feb/2016:06:58:35 +0300] "GET /muieblackcat HTTP/1.1" 404 950 "-" "-"
119.188.4.3 - - [11/Feb/2016:06:58:35 +0300] "GET //mysqladmin/scripts/setup.php HTTP/1.1" 404 948 "-" "-"
119.188.4.3 - - [11/Feb/2016:06:58:35 +0300] "GET //mysql/scripts/setup.php HTTP/1.1" 404 947 "-" "-"
119.188.4.3 - - [11/Feb/2016:06:58:35 +0300] "GET //phpmyadmin/scripts/setup.php HTTP/1.1" 404 951 "-" "-"
119.188.4.3 - - [11/Feb/2016:06:58:35 +0300] "GET //web/scripts/setup.php HTTP/1.1" 404 949 "-" "-"
130.83.162.133 - - [11/Feb/2016:07:38:53 +0300] "HEAD / HTTP/1.0" 200 0 "-" "-"
5.196.129.51 - - [11/Feb/2016:08:04:56 +0300] "GET /robots.txt HTTP/1.0" 200 23 "-" "Mozilla/5.0 (compatible; MJ12bot/v1.4.5; http://www.majestic12.co.uk/bot.php?+)"
5.196.129.51 - - [11/Feb/2016:08:04:57 +0300] "GET / HTTP/1.0" 200 18664 "-" "Mozilla/5.0 (compatible; MJ12bot/v1.4.5; http://www.majestic12.co.uk/bot.php?+)"
31.180.186.69 - - [11/Feb/2016:08:09:12 +0300] "GET / HTTP/1.1" 200 6466 "-" "Mozilla/5.0 (X11; Linux x86_64) AppleWebKit/537.36 (KHTML, like Gecko) Chrome/48.0.2564.103 Safari/537.36"
31.180.186.69 - - [11/Feb/2016:08:09:12 +0300] "GET /_api/dynamicmodel HTTP/1.1" 404 950 "http://kambread.ru/" "Mozilla/5.0 (X11; Linux x86_64) AppleWebKit/537.36 (KHTML, like Gecko) Chrome/48.0.2564.103 Safari/537.36"
31.180.186.69 - - [11/Feb/2016:08:09:13 +0300] "GET /_api/dynamicmodel HTTP/1.1" 404 60 "http://kambread.ru/" "Mozilla/5.0 (X11; Linux x86_64) AppleWebKit/537.36 (KHTML, like Gecko) Chrome/48.0.2564.103 Safari/537.36"
66.249.65.43 - - [11/Feb/2016:08:56:34 +0300] "GET / HTTP/1.1" 200 6466 "-" "SAMSUNG-SGH-E250/1.0 Profile/MIDP-2.0 Configuration/CLDC-1.1 UP.Browser/6.2.3.3.c.1.101 (GUI) MMP/2.0 (compatible; Googlebot-Mobile/2.1; +http://www.google.com/bot.html)"
66.249.65.46 - - [11/Feb/2016:08:56:35 +0300] "GET /?_escaped_fragment_= HTTP/1.1" 200 6466 "-" "SAMSUNG-SGH-E250/1.0 Profile/MIDP-2.0 Configuration/CLDC-1.1 UP.Browser/6.2.3.3.c.1.101 (GUI) MMP/2.0 (compatible; Googlebot-Mobile/2.1; +http://www.google.com/bot.html)"
66.249.65.43 - - [11/Feb/2016:09:00:20 +0300] "GET / HTTP/1.1" 200 6466 "-" "DoCoMo/2.0 N905i(c100;TB;W24H16) (compatible; Googlebot-Mobile/2.1; +http://www.google.com/bot.html)"
66.249.65.40 - - [11/Feb/2016:09:00:21 +0300] "GET /?_escaped_fragment_= HTTP/1.1" 200 6466 "-" "DoCoMo/2.0 N905i(c100;TB;W24H16) (compatible; Googlebot-Mobile/2.1; +http://www.google.com/bot.html)"
66.249.65.43 - - [11/Feb/2016:09:01:59 +0300] "GET /index.html HTTP/1.1" 200 6466 "-" "DoCoMo/2.0 N905i(c100;TB;W24H16) (compatible; Googlebot-Mobile/2.1; +http://www.google.com/bot.html)"
66.249.65.46 - - [11/Feb/2016:09:01:59 +0300] "GET /index.html?_escaped_fragment_= HTTP/1.1" 200 6466 "-" "DoCoMo/2.0 N905i(c100;TB;W24H16) (compatible; Googlebot-Mobile/2.1; +http://www.google.com/bot.html)"
66.249.65.43 - - [11/Feb/2016:09:06:51 +0300] "GET /index.html HTTP/1.1" 200 6466 "-" "SAMSUNG-SGH-E250/1.0 Profile/MIDP-2.0 Configuration/CLDC-1.1 UP.Browser/6.2.3.3.c.1.101 (GUI) MMP/2.0 (compatible; Googlebot-Mobile/2.1; +http://www.google.com/bot.html)"
66.249.65.46 - - [11/Feb/2016:09:06:52 +0300] "GET /index.html?_escaped_fragment_= HTTP/1.1" 200 6466 "-" "SAMSUNG-SGH-E250/1.0 Profile/MIDP-2.0 Configuration/CLDC-1.1 UP.Browser/6.2.3.3.c.1.101 (GUI) MMP/2.0 (compatible; Googlebot-Mobile/2.1; +http://www.google.com/bot.html)"
192.168.1.1 - - [11/Feb/2016:09:26:12 +0300] "GET / HTTP/1.1" 200 6466 "http://khk.vghost.ru/" "Mozilla/5.0 (Windows NT 6.2; WOW64) AppleWebKit/537.36 (KHTML, like Gecko) Chrome/48.0.2564.109 Safari/537.36"
192.168.1.1 - - [11/Feb/2016:09:26:13 +0300] "GET /_api/dynamicmodel HTTP/1.1" 404 950 "http://kambread.ru/" "Mozilla/5.0 (Windows NT 6.2; WOW64) AppleWebKit/537.36 (KHTML, like Gecko) Chrome/48.0.2564.109 Safari/537.36"
192.168.1.1 - - [11/Feb/2016:09:26:14 +0300] "GET /_api/dynamicmodel HTTP/1.1" 404 60 "http://kambread.ru/" "Mozilla/5.0 (Windows NT 6.2; WOW64) AppleWebKit/537.36 (KHTML, like Gecko) Chrome/48.0.2564.109 Safari/537.36"
80.82.64.68 - - [11/Feb/2016:10:30:45 +0300] "GET /index.php HTTP/1.0" 200 4012 "-" "Googlebot/2.1"
176.97.36.188 - - [11/Feb/2016:10:53:39 +0300] "GET /administrator/ HTTP/1.1" 404 2062 "-" "Mozilla/5.0 (Windows NT 6.0; rv:34.0) Gecko/20100101 Firefox/34.0"
176.97.36.188 - - [11/Feb/2016:10:53:39 +0300] "GET /administrator/index.php HTTP/1.1" 404 2062 "http://kambread.ru/administrator/" "Mozilla/5.0 (Windows NT 6.0; rv:34.0) Gecko/20100101 Firefox/34.0"
176.97.36.188 - - [11/Feb/2016:10:55:39 +0300] "GET /wp-login.php HTTP/1.1" 404 2062 "-" "Mozilla/5.0 (Windows NT 6.0; rv:34.0) Gecko/20100101 Firefox/34.0"
176.97.36.188 - - [11/Feb/2016:10:55:39 +0300] "GET /wp-admin/ HTTP/1.1" 404 2062 "http://kambread.ru/wp-login.php" "Mozilla/5.0 (Windows NT 6.0; rv:34.0) Gecko/20100101 Firefox/34.0"
176.97.36.188 - - [11/Feb/2016:10:56:17 +0300] "GET /admin.php HTTP/1.1" 404 2062 "-" "Mozilla/5.0 (Windows NT 6.0; rv:34.0) Gecko/20100101 Firefox/34.0"
176.97.36.188 - - [11/Feb/2016:10:56:47 +0300] "GET /admin HTTP/1.1" 404 2062 "-" "Mozilla/5.0 (Windows NT 6.0; rv:34.0) Gecko/20100101 Firefox/34.0"
91.214.187.254 - - [11/Feb/2016:11:27:29 +0300] "GET /administrator/ HTTP/1.1" 404 2062 "-" "Mozilla/5.0 (Windows NT 6.0; rv:34.0) Gecko/20100101 Firefox/34.0"
91.214.187.254 - - [11/Feb/2016:11:27:29 +0300] "GET /administrator/index.php HTTP/1.1" 404 2062 "http://kambread.ru/administrator/" "Mozilla/5.0 (Windows NT 6.0; rv:34.0) Gecko/20100101 Firefox/34.0"
91.214.187.254 - - [11/Feb/2016:11:30:19 +0300] "GET /wp-login.php HTTP/1.1" 404 2062 "-" "Mozilla/5.0 (Windows NT 6.0; rv:34.0) Gecko/20100101 Firefox/34.0"
91.214.187.254 - - [11/Feb/2016:11:30:19 +0300] "GET /wp-admin/ HTTP/1.1" 404 2062 "http://kambread.ru/wp-login.php" "Mozilla/5.0 (Windows NT 6.0; rv:34.0) Gecko/20100101 Firefox/34.0"
91.214.187.254 - - [11/Feb/2016:11:31:08 +0300] "GET /admin.php HTTP/1.1" 404 2062 "-" "Mozilla/5.0 (Windows NT 6.0; rv:34.0) Gecko/20100101 Firefox/34.0"
91.214.187.254 - - [11/Feb/2016:11:31:42 +0300] "GET /admin HTTP/1.1" 404 2062 "-" "Mozilla/5.0 (Windows NT 6.0; rv:34.0) Gecko/20100101 Firefox/34.0"
66.249.65.46 - - [11/Feb/2016:11:32:10 +0300] "GET /?_escaped_fragment_=%D0%A1%D0%B4%D0%BE%D0%B1%D0%B0%20%C2%AB%D0%9A%D0%B0%D0%BC%D1%8B%D1%88%D0%B8%D0%BD%D1%81%D0%BA%D0%B0%D1%8F%C2%BB/zoom/c1vcl/c1xaz HTTP/1.1" 200 6466 "-" "Mozilla/5.0 (compatible; Googlebot/2.1; +http://www.google.com/bot.html)"
81.163.98.51 - - [11/Feb/2016:11:51:35 +0300] "GET /administrator/ HTTP/1.1" 404 2062 "-" "Mozilla/5.0 (Windows NT 6.0; rv:34.0) Gecko/20100101 Firefox/34.0"
81.163.98.51 - - [11/Feb/2016:11:51:35 +0300] "GET /administrator/index.php HTTP/1.1" 404 2062 "http://kambread.ru/administrator/" "Mozilla/5.0 (Windows NT 6.0; rv:34.0) Gecko/20100101 Firefox/34.0"
81.163.98.51 - - [11/Feb/2016:11:56:34 +0300] "GET /wp-login.php HTTP/1.1" 404 2062 "-" "Mozilla/5.0 (Windows NT 6.0; rv:34.0) Gecko/20100101 Firefox/34.0"
81.163.98.51 - - [11/Feb/2016:11:56:35 +0300] "GET /wp-admin/ HTTP/1.1" 404 2062 "http://kambread.ru/wp-login.php" "Mozilla/5.0 (Windows NT 6.0; rv:34.0) Gecko/20100101 Firefox/34.0"
81.163.98.51 - - [11/Feb/2016:11:58:21 +0300] "GET /admin.php HTTP/1.1" 404 2062 "-" "Mozilla/5.0 (Windows NT 6.0; rv:34.0) Gecko/20100101 Firefox/34.0"
66.249.65.46 - - [11/Feb/2016:11:59:32 +0300] "GET /?_escaped_fragment_=%D0%A0%D0%BE%D0%B6%D0%BE%D0%BA%20%D0%BE%D0%B1%D1%81%D1%8B%D0%BF%D0%BD%D0%BE%D0%B9/zoom/cwjz/c22f5 HTTP/1.1" 200 6466 "-" "Mozilla/5.0 (iPhone; CPU iPhone OS 8_3 like Mac OS X) AppleWebKit/600.1.4 (KHTML, like Gecko) Version/8.0 Mobile/12F70 Safari/600.1.4 (compatible; Googlebot/2.1; +http://www.google.com/bot.html)"
81.163.98.51 - - [11/Feb/2016:11:59:49 +0300] "GET /admin HTTP/1.1" 404 2062 "-" "Mozilla/5.0 (Windows NT 6.0; rv:34.0) Gecko/20100101 Firefox/34.0"
66.102.9.122 - - [11/Feb/2016:12:24:16 +0300] "GET / HTTP/1.1" 200 6466 "-" "Mozilla/5.0 (Windows NT 6.1; rv:6.0) Gecko/20110814 Firefox/6.0 Google Favicon"
66.102.9.87 - - [11/Feb/2016:12:24:16 +0300] "GET / HTTP/1.1" 200 6466 "-" "Mozilla/5.0 (Windows NT 6.1; rv:6.0) Gecko/20110814 Firefox/6.0 Google Favicon"
66.102.9.87 - - [11/Feb/2016:12:24:17 +0300] "GET /?_escaped_fragment_= HTTP/1.1" 200 6466 "-" "Mozilla/5.0 (Windows NT 6.1; rv:6.0) Gecko/20110814 Firefox/6.0 Google Favicon"
66.102.9.112 - - [11/Feb/2016:12:24:17 +0300] "GET /?_escaped_fragment_= HTTP/1.1" 200 6466 "-" "Mozilla/5.0 (Windows NT 6.1; rv:6.0) Gecko/20110814 Firefox/6.0 Google Favicon"
66.102.9.87 - - [11/Feb/2016:12:24:17 +0300] "GET /favicon.ico HTTP/1.1" 200 318 "-" "Mozilla/5.0 (Windows NT 6.1; rv:6.0) Gecko/20110814 Firefox/6.0 Google Favicon"
66.102.9.71 - - [11/Feb/2016:12:24:17 +0300] "GET /favicon.ico HTTP/1.1" 200 318 "-" "Mozilla/5.0 (Windows NT 6.1; rv:6.0) Gecko/20110814 Firefox/6.0 Google Favicon"
83.221.199.140 - - [11/Feb/2016:12:33:20 +0300] "GET /administrator/ HTTP/1.1" 404 2062 "-" "Mozilla/5.0 (Windows NT 6.0; rv:34.0) Gecko/20100101 Firefox/34.0"
83.221.199.140 - - [11/Feb/2016:12:33:20 +0300] "GET /administrator/index.php HTTP/1.1" 404 2062 "http://kambread.ru/administrator/" "Mozilla/5.0 (Windows NT 6.0; rv:34.0) Gecko/20100101 Firefox/34.0"
83.221.199.140 - - [11/Feb/2016:12:36:00 +0300] "GET /wp-login.php HTTP/1.1" 404 2062 "-" "Mozilla/5.0 (Windows NT 6.0; rv:34.0) Gecko/20100101 Firefox/34.0"
83.221.199.140 - - [11/Feb/2016:12:36:00 +0300] "GET /wp-admin/ HTTP/1.1" 404 2062 "http://kambread.ru/wp-login.php" "Mozilla/5.0 (Windows NT 6.0; rv:34.0) Gecko/20100101 Firefox/34.0"
83.221.199.140 - - [11/Feb/2016:12:36:25 +0300] "GET /admin.php HTTP/1.1" 404 2062 "-" "Mozilla/5.0 (Windows NT 6.0; rv:34.0) Gecko/20100101 Firefox/34.0"
83.221.199.140 - - [11/Feb/2016:12:36:46 +0300] "GET /admin HTTP/1.1" 404 2062 "-" "Mozilla/5.0 (Windows NT 6.0; rv:34.0) Gecko/20100101 Firefox/34.0"
46.48.15.211 - - [11/Feb/2016:12:45:52 +0300] "GET / HTTP/1.1" 200 6466 "-" "Mozilla/5.0 (Windows NT 6.1; WOW64; rv:43.0) Gecko/20100101 Firefox/43.0"
46.48.15.211 - - [11/Feb/2016:12:45:52 +0300] "GET /favicon.ico HTTP/1.1" 200 318 "-" "Mozilla/5.0 (Windows NT 6.1; WOW64; rv:43.0) Gecko/20100101 Firefox/43.0"
46.48.15.211 - - [11/Feb/2016:12:45:53 +0300] "GET /_api/dynamicmodel HTTP/1.1" 404 950 "http://kambread.ru/" "Mozilla/5.0 (Windows NT 6.1; WOW64; rv:43.0) Gecko/20100101 Firefox/43.0"
46.48.15.211 - - [11/Feb/2016:12:45:55 +0300] "GET /_api/dynamicmodel HTTP/1.1" 404 60 "http://kambread.ru/" "Mozilla/5.0 (Windows NT 6.1; WOW64; rv:43.0) Gecko/20100101 Firefox/43.0"
66.249.65.43 - - [11/Feb/2016:12:50:02 +0300] "GET /?_escaped_fragment_=contact/c1uuh HTTP/1.1" 200 6466 "-" "Mozilla/5.0 (compatible; Googlebot/2.1; +http://www.google.com/bot.html)"
77.66.198.232 - - [11/Feb/2016:13:03:49 +0300] "GET /administrator/ HTTP/1.1" 404 2062 "-" "Mozilla/5.0 (Windows NT 6.0; rv:34.0) Gecko/20100101 Firefox/34.0"
77.66.198.232 - - [11/Feb/2016:13:03:49 +0300] "GET /administrator/index.php HTTP/1.1" 404 2062 "http://kambread.ru/administrator/" "Mozilla/5.0 (Windows NT 6.0; rv:34.0) Gecko/20100101 Firefox/34.0"
77.66.198.232 - - [11/Feb/2016:13:10:18 +0300] "GET /wp-login.php HTTP/1.1" 404 2062 "-" "Mozilla/5.0 (Windows NT 6.0; rv:34.0) Gecko/20100101 Firefox/34.0"
77.66.198.232 - - [11/Feb/2016:13:10:18 +0300] "GET /wp-admin/ HTTP/1.1" 404 2062 "http://kambread.ru/wp-login.php" "Mozilla/5.0 (Windows NT 6.0; rv:34.0) Gecko/20100101 Firefox/34.0"
77.66.198.232 - - [11/Feb/2016:13:14:40 +0300] "GET /admin.php HTTP/1.1" 404 2062 "-" "Mozilla/5.0 (Windows NT 6.0; rv:34.0) Gecko/20100101 Firefox/34.0"
77.66.198.232 - - [11/Feb/2016:13:20:54 +0300] "GET /admin HTTP/1.1" 404 2062 "-" "Mozilla/5.0 (Windows NT 6.0; rv:34.0) Gecko/20100101 Firefox/34.0"
66.249.65.40 - - [11/Feb/2016:13:22:25 +0300] "GET /index.html HTTP/1.1" 200 6466 "-" "Mozilla/5.0 (iPhone; CPU iPhone OS 8_3 like Mac OS X) AppleWebKit/600.1.4 (KHTML, like Gecko) Version/8.0 Mobile/12F70 Safari/600.1.4 (compatible; Googlebot/2.1; +http://www.google.com/bot.html)"
66.249.65.43 - - [11/Feb/2016:13:22:27 +0300] "GET /index.html?_escaped_fragment_= HTTP/1.1" 200 6466 "-" "Mozilla/5.0 (iPhone; CPU iPhone OS 8_3 like Mac OS X) AppleWebKit/600.1.4 (KHTML, like Gecko) Version/8.0 Mobile/12F70 Safari/600.1.4 (compatible; Googlebot/2.1; +http://www.google.com/bot.html)"
94.233.51.138 - - [11/Feb/2016:13:27:18 +0300] "GET / HTTP/1.1" 200 6466 "http://khk.vghost.ru/" "Mozilla/5.0 (Windows NT 6.1; WOW64) AppleWebKit/537.36 (KHTML, like Gecko) Chrome/48.0.2564.103 Safari/537.36"
94.233.51.138 - - [11/Feb/2016:13:27:19 +0300] "GET /_api/dynamicmodel HTTP/1.1" 404 949 "http://kambread.ru/" "Mozilla/5.0 (Windows NT 6.1; WOW64) AppleWebKit/537.36 (KHTML, like Gecko) Chrome/48.0.2564.103 Safari/537.36"
94.233.51.138 - - [11/Feb/2016:13:27:21 +0300] "GET /_api/dynamicmodel HTTP/1.1" 404 60 "http://kambread.ru/" "Mozilla/5.0 (Windows NT 6.1; WOW64) AppleWebKit/537.36 (KHTML, like Gecko) Chrome/48.0.2564.103 Safari/537.36"
66.249.65.46 - - [11/Feb/2016:13:34:19 +0300] "GET /_api/dynamicmodel HTTP/1.1" 404 950 "http://kambread.ru/index.html" "Mozilla/5.0 (compatible; Googlebot/2.1; +http://www.google.com/bot.html)"
66.249.65.40 - - [11/Feb/2016:13:34:28 +0300] "GET /index.html HTTP/1.1" 200 6466 "-" "Mozilla/5.0 (iPhone; CPU iPhone OS 8_3 like Mac OS X) AppleWebKit/600.1.4 (KHTML, like Gecko) Version/8.0 Mobile/12F70 Safari/600.1.4 (compatible; Googlebot/2.1; +http://www.google.com/bot.html)"
128.232.110.28 - - [11/Feb/2016:13:36:34 +0300] "GET / HTTP/1.1" 200 18664 "-" "Mozilla/5.0 zgrab/0.x"
66.249.65.43 - - [11/Feb/2016:14:10:02 +0300] "GET /?_escaped_fragment_=%D0%91%D1%83%D0%BB%D0%BE%D1%87%D0%BA%D0%B0%20%D1%81%20%D0%BF%D0%BE%D0%B2%D0%B8%D0%B4%D0%BB%D0%BE%D0%BC/zoom/c7rp/c20gg HTTP/1.1" 200 6466 "-" "Mozilla/5.0 (compatible; Googlebot/2.1; +http://www.google.com/bot.html)"
104.167.104.11 - - [11/Feb/2016:14:14:35 +0300] "GET / HTTP/1.0" 200 18664 "-" "masscan/1.0 (https://github.com/robertdavidgraham/masscan)"
188.130.230.132 - - [11/Feb/2016:14:42:14 +0300] "GET / HTTP/1.1" 200 6466 "http://khk.vghost.ru/index.html" "Mozilla/5.0 (Windows NT 5.1) AppleWebKit/537.36 (KHTML, like Gecko) Chrome/48.0.2564.103 Safari/537.36"
188.130.230.132 - - [11/Feb/2016:14:42:15 +0300] "GET /_api/dynamicmodel HTTP/1.1" 404 951 "http://kambread.ru/" "Mozilla/5.0 (Windows NT 5.1) AppleWebKit/537.36 (KHTML, like Gecko) Chrome/48.0.2564.103 Safari/537.36"
188.130.230.132 - - [11/Feb/2016:14:42:30 +0300] "GET /_api/dynamicmodel HTTP/1.1" 404 60 "http://kambread.ru/" "Mozilla/5.0 (Windows NT 5.1) AppleWebKit/537.36 (KHTML, like Gecko) Chrome/48.0.2564.103 Safari/537.36"
66.249.65.43 - - [11/Feb/2016:14:50:58 +0300] "GET /?_escaped_fragment_=production/c1u0a HTTP/1.1" 200 6466 "-" "Mozilla/5.0 (iPhone; CPU iPhone OS 8_3 like Mac OS X) AppleWebKit/600.1.4 (KHTML, like Gecko) Version/8.0 Mobile/12F70 Safari/600.1.4 (compatible; Googlebot/2.1; +http://www.google.com/bot.html)"
169.229.3.91 - - [11/Feb/2016:15:09:25 +0300] "Z2\x80\xB7O[+\xC6E\xF6zd\xA5\xCD\x7FH\xD9\xC1\x9A\x12wN\xA9" 400 172 "-" "-"
66.249.65.46 - - [11/Feb/2016:15:15:29 +0300] "GET /?_escaped_fragment_=loaves/c1vcl HTTP/1.1" 200 6466 "-" "Mozilla/5.0 (compatible; Googlebot/2.1; +http://www.google.com/bot.html)"
109.248.25.6 - - [11/Feb/2016:15:44:42 +0300] "GET / HTTP/1.1" 200 6466 "http://khk.vghost.ru/" "Mozilla/5.0 (Windows NT 6.1; WOW64) AppleWebKit/537.36 (KHTML, like Gecko) Chrome/48.0.2564.109 Safari/537.36"
109.248.25.6 - - [11/Feb/2016:15:44:44 +0300] "GET /_api/dynamicmodel HTTP/1.1" 404 949 "http://kambread.ru/" "Mozilla/5.0 (Windows NT 6.1; WOW64) AppleWebKit/537.36 (KHTML, like Gecko) Chrome/48.0.2564.109 Safari/537.36"
109.248.25.6 - - [11/Feb/2016:15:44:45 +0300] "GET /_api/dynamicmodel HTTP/1.1" 404 60 "http://kambread.ru/" "Mozilla/5.0 (Windows NT 6.1; WOW64) AppleWebKit/537.36 (KHTML, like Gecko) Chrome/48.0.2564.109 Safari/537.36"
46.150.250.92 - - [11/Feb/2016:16:12:57 +0300] "GET / HTTP/1.1" 200 6466 "http://khk.vghost.ru/index.html" "Mozilla/5.0 (Windows NT 6.3; WOW64) AppleWebKit/537.36 (KHTML, like Gecko) Chrome/46.0.2490.86 YaBrowser/15.12.1.6475 Safari/537.36"
46.150.250.92 - - [11/Feb/2016:16:12:57 +0300] "GET /_api/dynamicmodel HTTP/1.1" 404 950 "http://kambread.ru/" "Mozilla/5.0 (Windows NT 6.3; WOW64) AppleWebKit/537.36 (KHTML, like Gecko) Chrome/46.0.2490.86 YaBrowser/15.12.1.6475 Safari/537.36"
46.150.250.92 - - [11/Feb/2016:16:12:59 +0300] "GET /_api/dynamicmodel HTTP/1.1" 404 60 "http://kambread.ru/" "Mozilla/5.0 (Windows NT 6.3; WOW64) AppleWebKit/537.36 (KHTML, like Gecko) Chrome/46.0.2490.86 YaBrowser/15.12.1.6475 Safari/537.36"
